--
-- Tests for functions that return void
--
CREATE FUNCTION test_void_func1() RETURNS void AS $$
  PL.Null
$$ LANGUAGE plocaml;
-- illegal: can't return non-Null value in void-returning func
CREATE FUNCTION test_void_func2() RETURNS void AS $$
  PL.Int 10
$$ LANGUAGE plocaml;
CREATE FUNCTION test_return_none() RETURNS int AS $$
  PL.Null
$$ LANGUAGE plocaml;
-- Tests for functions returning void
SELECT test_void_func1(), test_void_func1() IS NULL AS "is null";
 test_void_func1 | is null 
-----------------+---------
                 | f
(1 row)

SELECT test_void_func2(); -- should fail
ERROR:  PL/OCaml function with return type "void" did not return Null
SELECT test_return_none(), test_return_none() IS NULL AS "is null";
 test_return_none | is null 
------------------+---------
                  | t
(1 row)

DROP FUNCTION test_void_func1;
DROP FUNCTION test_void_func2;
DROP FUNCTION test_return_none;
