-- Ported from PostgreSQL src/pl/plpython/sql/plpython_quote.sql (REL_16_STABLE).
-- test quoting functions
CREATE FUNCTION quote(t text, how text) RETURNS text AS $$
    let how_str = PL.to_string_exn how in
    let res = match how_str with
      | "literal" -> PL.quote_literal (PL.to_string_exn t)
      | "nullable" -> PL.quote_nullable (PL.to_string_opt t)
      | "ident" -> PL.quote_ident (PL.to_string_exn t)
      | _ -> failwith ("unrecognized quote type " ^ how_str)
    in
    PL.String res
$$ LANGUAGE plocamlu;
SELECT quote(t, 'literal') FROM (VALUES
       ('abc'),
       ('a''bc'),
       ('''abc'''),
       (''),
       (''''),
       ('xyzv')) AS v(t);
   quote   
-----------
 'abc'
 'a''bc'
 '''abc'''
 ''
 ''''
 'xyzv'
(6 rows)

SELECT quote(t, 'nullable') FROM (VALUES
       ('abc'),
       ('a''bc'),
       ('''abc'''),
       (''),
       (''''),
       (NULL)) AS v(t);
   quote   
-----------
 'abc'
 'a''bc'
 '''abc'''
 ''
 ''''
 NULL
(6 rows)

SELECT quote(t, 'ident') FROM (VALUES
       ('abc'),
       ('a b c'),
       ('a " ''abc''')) AS v(t);
    quote     
--------------
 abc
 "a b c"
 "a "" 'abc'"
(3 rows)

