--
-- Tests for the GD (global, session-wide) and SD (per-function) stores,
-- mirroring PL/Python. A store holds values of ANY type; use PL.set / PL.get /
-- PL.get_opt (the type read back must match the type written). Both are
-- exposed to function bodies as the bare names `gd` and `sd`.
--
-- SD persists across calls to the same function within a session.
CREATE FUNCTION sd_counter() RETURNS int
LANGUAGE plocamlu
AS $$
  let n = match PL.get_opt sd "n" with Some x -> x | None -> 0 in
  PL.set sd "n" (n + 1);
  PL.Int (n + 1)
$$;
SELECT sd_counter();
 sd_counter 
------------
          1
(1 row)

SELECT sd_counter();
 sd_counter 
------------
          2
(1 row)

SELECT sd_counter();
 sd_counter 
------------
          3
(1 row)

-- SD is private to each function: two functions using the same key don't
-- interfere with each other.
CREATE FUNCTION sd_a() RETURNS int
LANGUAGE plocamlu
AS $$
  let n = match PL.get_opt sd "k" with Some x -> x | None -> 0 in
  PL.set sd "k" (n + 10);
  PL.Int (n + 10)
$$;
CREATE FUNCTION sd_b() RETURNS int
LANGUAGE plocamlu
AS $$
  let n = match PL.get_opt sd "k" with Some x -> x | None -> 0 in
  PL.set sd "k" (n + 100);
  PL.Int (n + 100)
$$;
SELECT sd_a();
 sd_a 
------
   10
(1 row)

SELECT sd_b();
 sd_b 
------
  100
(1 row)

SELECT sd_a();
 sd_a 
------
   20
(1 row)

SELECT sd_b();
 sd_b 
------
  200
(1 row)

-- GD is shared across all functions in the session.
CREATE FUNCTION gd_set(v int) RETURNS void
LANGUAGE plocamlu
AS $$
  PL.set gd "shared" (PL.to_int ~default:0 args.(0));
  PL.Null
$$;
CREATE FUNCTION gd_get() RETURNS int
LANGUAGE plocamlu
AS $$
  match PL.get_opt gd "shared" with Some x -> PL.Int x | None -> PL.Null
$$;
SELECT gd_set(42);
 gd_set 
--------
 
(1 row)

SELECT gd_get();
 gd_get 
--------
     42
(1 row)

-- The store holds arbitrary types, not just SQL scalars: here a string.
CREATE FUNCTION gd_string() RETURNS text
LANGUAGE plocamlu
AS $$
  (match PL.get_opt gd "greeting" with
   | Some _ -> ()
   | None -> PL.set gd "greeting" "hello");
  PL.String (PL.get gd "greeting")
$$;
SELECT gd_string();
 gd_string 
-----------
 hello
(1 row)

-- Memoization: SD caches an expensive result; a GD counter records how many
-- times the expensive branch actually ran (should be exactly once).
CREATE FUNCTION sd_memo() RETURNS int
LANGUAGE plocamlu
AS $$
  match PL.get_opt sd "cached" with
  | Some x -> PL.Int x
  | None ->
    let calls = match PL.get_opt gd "memo_computes" with Some c -> c | None -> 0 in
    PL.set gd "memo_computes" (calls + 1);
    PL.set sd "cached" 99;
    PL.Int 99
$$;
CREATE FUNCTION gd_computes() RETURNS int
LANGUAGE plocamlu
AS $$
  match PL.get_opt gd "memo_computes" with Some n -> PL.Int n | None -> PL.Int 0
$$;
SELECT sd_memo();
 sd_memo 
---------
      99
(1 row)

SELECT sd_memo();
 sd_memo 
---------
      99
(1 row)

SELECT sd_memo();
 sd_memo 
---------
      99
(1 row)

SELECT gd_computes();
 gd_computes 
-------------
           1
(1 row)

-- A prepared plan is stored directly (no datum wrapper) and reused across
-- calls. SPI_keepplan keeps it valid beyond the call that created it, and
-- holding the value in the store keeps it from being finalized. A GD counter
-- proves PL.prepare only ran once.
CREATE FUNCTION plan_cached(n int) RETURNS int
LANGUAGE plocamlu
AS $$
  let plan =
    match PL.get_opt gd "sq_plan" with
    | Some p -> p
    | None ->
      let p = PL.prepare "SELECT $1 * $1 AS r" [| "int4" |] in
      PL.set gd "sq_plan" p;
      let c = match PL.get_opt gd "sq_prepares" with Some c -> c | None -> 0 in
      PL.set gd "sq_prepares" (c + 1);
      p
  in
  let rv = PL.execute_plan plan [| args.(0) |] in
  PL.Int (PL.to_int ~default:0 (List.assoc "r" rv.rows.(0)))
$$;
CREATE FUNCTION plan_prepares() RETURNS int
LANGUAGE plocamlu
AS $$
  match PL.get_opt gd "sq_prepares" with Some n -> PL.Int n | None -> PL.Int 0
$$;
SELECT plan_cached(3);
 plan_cached 
-------------
           9
(1 row)

SELECT plan_cached(4);
 plan_cached 
-------------
          16
(1 row)

SELECT plan_cached(5);
 plan_cached 
-------------
          25
(1 row)

SELECT plan_prepares();
 plan_prepares 
---------------
             1
(1 row)

DROP FUNCTION sd_counter;
DROP FUNCTION sd_a;
DROP FUNCTION sd_b;
DROP FUNCTION gd_set;
DROP FUNCTION gd_get;
DROP FUNCTION gd_string;
DROP FUNCTION sd_memo;
DROP FUNCTION gd_computes;
DROP FUNCTION plan_cached;
DROP FUNCTION plan_prepares;
